2026-08-06 11:01:21,328 │ - │ - │ - │ business.services.weather_service │ WARNING │ qweather fetch failed, fallback to open-meteo: Client error '404 ' for url 'https://p32k5pxvta.re.qweatherapi.com/v2/city/lookup?location=%E8%8B%8F%E5%B7%9E%E5%B8%82%E8%99%8E%E4%B8%98%E5%8C%BA&key=c8782081dd774607af74e2f8aeae6330'
For more information check: https://developer.mozilla.org/en-US/docs/Web/HTTP/Status/404
2026-08-06 11:01:23,529 │ - │ - │ - │ business.services.weather_service │ WARNING │ qweather fetch failed, fallback to open-meteo: Client error '404 ' for url 'https://p32k5pxvta.re.qweatherapi.com/v2/city/lookup?location=%E8%8B%8F%E5%B7%9E%E5%B8%82%E8%99%8E%E4%B8%98%E5%8C%BA&key=c8782081dd774607af74e2f8aeae6330'
For more information check: https://developer.mozilla.org/en-US/docs/Web/HTTP/Status/404
2026-08-06 11:10:29,864 │ - │ - │ - │ business.services.weather_service │ WARNING │ qweather fetch failed, fallback to open-meteo: Client error '404 ' for url 'https://p32k5pxvta.re.qweatherapi.com/v2/city/lookup?location=%E8%8B%8F%E5%B7%9E%E5%B8%82%E8%99%8E%E4%B8%98%E5%8C%BA&key=c8782081dd774607af74e2f8aeae6330'
For more information check: https://developer.mozilla.org/en-US/docs/Web/HTTP/Status/404
2026-08-06 11:10:31,308 │ - │ - │ - │ business.services.weather_service │ WARNING │ qweather fetch failed, fallback to open-meteo: Client error '404 ' for url 'https://p32k5pxvta.re.qweatherapi.com/v2/city/lookup?location=%E8%8B%8F%E5%B7%9E%E5%B8%82%E8%99%8E%E4%B8%98%E5%8C%BA&key=c8782081dd774607af74e2f8aeae6330'
For more information check: https://developer.mozilla.org/en-US/docs/Web/HTTP/Status/404
2026-08-06 11:10:34,862 │ - │ - │ - │ business.services.weather_service │ WARNING │ qweather fetch failed, fallback to open-meteo: Client error '404 ' for url 'https://p32k5pxvta.re.qweatherapi.com/v2/city/lookup?location=%E8%8B%8F%E5%B7%9E%E5%B8%82%E8%99%8E%E4%B8%98%E5%8C%BA&key=c8782081dd774607af74e2f8aeae6330'
For more information check: https://developer.mozilla.org/en-US/docs/Web/HTTP/Status/404
2026-08-06 11:10:36,384 │ - │ - │ - │ business.services.weather_service │ WARNING │ qweather fetch failed, fallback to open-meteo: Client error '404 ' for url 'https://p32k5pxvta.re.qweatherapi.com/v2/city/lookup?location=%E8%8B%8F%E5%B7%9E%E5%B8%82%E8%99%8E%E4%B8%98%E5%8C%BA&key=c8782081dd774607af74e2f8aeae6330'
For more information check: https://developer.mozilla.org/en-US/docs/Web/HTTP/Status/404
2026-08-06 11:10:39,785 │ - │ - │ - │ business.services.weather_service │ WARNING │ qweather fetch failed, fallback to open-meteo: Client error '404 ' for url 'https://p32k5pxvta.re.qweatherapi.com/v2/city/lookup?location=%E8%8B%8F%E5%B7%9E%E5%B8%82%E8%99%8E%E4%B8%98%E5%8C%BA&key=c8782081dd774607af74e2f8aeae6330'
For more information check: https://developer.mozilla.org/en-US/docs/Web/HTTP/Status/404
2026-08-06 11:10:41,364 │ - │ - │ - │ business.services.weather_service │ WARNING │ qweather fetch failed, fallback to open-meteo: Client error '404 ' for url 'https://p32k5pxvta.re.qweatherapi.com/v2/city/lookup?location=%E8%8B%8F%E5%B7%9E%E5%B8%82%E8%99%8E%E4%B8%98%E5%8C%BA&key=c8782081dd774607af74e2f8aeae6330'
For more information check: https://developer.mozilla.org/en-US/docs/Web/HTTP/Status/404
2026-08-06 11:14:48,107 │ - │ - │ - │ business.services.weather_service │ WARNING │ qweather fetch failed, fallback to open-meteo: Client error '404 ' for url 'https://p32k5pxvta.re.qweatherapi.com/v2/city/lookup?location=%E6%B5%99%E6%B1%9F%E7%9C%81%E6%9D%AD%E5%B7%9E%E5%B8%82%E4%BD%99%E6%9D%AD%E5%8C%BA&key=c8782081dd774607af74e2f8aeae6330'
For more information check: https://developer.mozilla.org/en-US/docs/Web/HTTP/Status/404
2026-08-06 11:15:01,925 │ - │ - │ - │ business.services.weather_service │ WARNING │ qweather fetch failed, fallback to open-meteo: Client error '404 ' for url 'https://p32k5pxvta.re.qweatherapi.com/v2/city/lookup?location=%E8%8B%8F%E5%B7%9E%E5%B8%82%E8%99%8E%E4%B8%98%E5%8C%BA&key=c8782081dd774607af74e2f8aeae6330'
For more information check: https://developer.mozilla.org/en-US/docs/Web/HTTP/Status/404
2026-08-06 11:15:03,522 │ - │ - │ - │ business.services.weather_service │ WARNING │ qweather fetch failed, fallback to open-meteo: Client error '404 ' for url 'https://p32k5pxvta.re.qweatherapi.com/v2/city/lookup?location=%E8%8B%8F%E5%B7%9E%E5%B8%82%E8%99%8E%E4%B8%98%E5%8C%BA&key=c8782081dd774607af74e2f8aeae6330'
For more information check: https://developer.mozilla.org/en-US/docs/Web/HTTP/Status/404
2026-08-06 11:17:11,829 │ - │ - │ - │ business.services.weather_service │ WARNING │ qweather fetch failed, fallback to open-meteo: Client error '404 ' for url 'https://p32k5pxvta.re.qweatherapi.com/v2/city/lookup?location=%E6%98%8E%E5%A4%A9%E8%8B%8F%E5%B7%9E%E5%A4%A9%E6%B0%94&key=c8782081dd774607af74e2f8aeae6330'
For more information check: https://developer.mozilla.org/en-US/docs/Web/HTTP/Status/404
2026-08-06 11:18:07,674 │ - │ - │ - │ business.services.weather_service │ WARNING │ qweather fetch failed, fallback to open-meteo: Client error '404 ' for url 'https://p32k5pxvta.re.qweatherapi.com/v2/city/lookup?location=%E6%98%8E%E5%A4%A9%E8%8B%8F%E5%B7%9E%E5%A4%A9%E6%B0%94&key=c8782081dd774607af74e2f8aeae6330'
For more information check: https://developer.mozilla.org/en-US/docs/Web/HTTP/Status/404
2026-08-06 11:18:19,357 │ - │ - │ - │ business.services.weather_service │ WARNING │ qweather fetch failed, fallback to open-meteo: Client error '404 ' for url 'https://p32k5pxvta.re.qweatherapi.com/v2/city/lookup?location=%E6%B5%99%E6%B1%9F%E7%9C%81%E6%9D%AD%E5%B7%9E%E5%B8%82%E4%BD%99%E6%9D%AD%E5%8C%BA&key=c8782081dd774607af74e2f8aeae6330'
For more information check: https://developer.mozilla.org/en-US/docs/Web/HTTP/Status/404
2026-08-06 11:20:57,847 │ - │ - │ - │ business.services.weather_service │ WARNING │ qweather fetch failed, fallback to open-meteo: Client error '404 ' for url 'https://p32k5pxvta.re.qweatherapi.com/v2/city/lookup?location=%E7%9D%A2%E5%AE%81%E5%A4%A9%E6%B0%94%E6%80%8E%E4%B9%88%E6%A0%B7&key=c8782081dd774607af74e2f8aeae6330'
For more information check: https://developer.mozilla.org/en-US/docs/Web/HTTP/Status/404
2026-08-06 11:22:33,394 │ - │ - │ - │ business.services.weather_service │ WARNING │ qweather fetch failed, fallback to open-meteo: Client error '404 ' for url 'https://p32k5pxvta.re.qweatherapi.com/v2/city/lookup?location=%E8%8B%8F%E5%B7%9E%E5%A4%A9%E6%B0%94%E5%A6%82%E4%BD%95&key=c8782081dd774607af74e2f8aeae6330'
For more information check: https://developer.mozilla.org/en-US/docs/Web/HTTP/Status/404
2026-08-06 11:33:46,299 │ - │ - │ - │ business.services.weather_service │ WARNING │ qweather fetch failed, fallback to open-meteo: Client error '404 ' for url 'https://p32k5pxvta.re.qweatherapi.com/v2/city/lookup?location=%E6%B1%9F%E8%8B%8F%E7%9C%81%E5%BE%90%E5%B7%9E%E5%B8%82%E7%9D%A2%E5%AE%81%E5%8E%BF&key=c8782081dd774607af74e2f8aeae6330'
For more information check: https://developer.mozilla.org/en-US/docs/Web/HTTP/Status/404
2026-08-06 11:34:02,920 │ - │ - │ - │ business.services.weather_service │ WARNING │ qweather fetch failed, fallback to open-meteo: Client error '404 ' for url 'https://p32k5pxvta.re.qweatherapi.com/v2/city/lookup?location=%E6%B5%99%E6%B1%9F%E7%9C%81%E6%9D%AD%E5%B7%9E%E5%B8%82%E4%BD%99%E6%9D%AD%E5%8C%BA&key=c8782081dd774607af74e2f8aeae6330'
For more information check: https://developer.mozilla.org/en-US/docs/Web/HTTP/Status/404
2026-08-06 11:34:43,471 │ - │ - │ - │ business.services.weather_service │ WARNING │ qweather fetch failed, fallback to open-meteo: Client error '404 ' for url 'https://p32k5pxvta.re.qweatherapi.com/v2/city/lookup?location=%E7%9D%A2%E5%AE%81%E5%A4%A9%E6%B0%94%E5%A6%82%E6%81%B6%E5%8C%96&key=c8782081dd774607af74e2f8aeae6330'
For more information check: https://developer.mozilla.org/en-US/docs/Web/HTTP/Status/404
